Archive member included because of file (symbol)

lib/lib.a(ctype.o)            kernel/kernel.o (_ctype)
lib/lib.a(_exit.o)            init/main.o (_exit)
lib/lib.a(open.o)             init/main.o (open)
lib/lib.a(close.o)            init/main.o (close)
lib/lib.a(errno.o)            init/main.o (errno)
lib/lib.a(write.o)            init/main.o (write)
lib/lib.a(dup.o)              init/main.o (dup)
lib/lib.a(setsid.o)           init/main.o (setsid)
lib/lib.a(execve.o)           init/main.o (execve)
lib/lib.a(wait.o)             init/main.o (wait)
lib/lib.a(string.o)           kernel/kernel.o (memcpy)

Allocating common symbols
Common symbol       size              file

clipboard           0xf0              kernel/kernel.o
errno               0x4               lib/lib.a(errno.o)
hash_table          0x4cc             fs/fs.o
___strtok           0x4               lib/lib.a(string.o)
user_stack          0x1000            kernel/kernel.o
_ctmp               0x1               lib/lib.a(ctype.o)
super_block         0x340             fs/fs.o
file_table          0x400             fs/fs.o

Discarded input sections

 .note.GNU-stack
                0x0000000000000000        0x0 init/main.o
 .note.GNU-stack
                0x0000000000000000        0x0 kernel/kernel.o
 .note.GNU-stack
                0x0000000000000000        0x0 mm/mm.o
 .note.GNU-stack
                0x0000000000000000        0x0 fs/fs.o
 .note.GNU-stack
                0x0000000000000000        0x0 lib/lib.a(ctype.o)
 .note.GNU-stack
                0x0000000000000000        0x0 lib/lib.a(_exit.o)
 .note.GNU-stack
                0x0000000000000000        0x0 lib/lib.a(open.o)
 .note.GNU-stack
                0x0000000000000000        0x0 lib/lib.a(close.o)
 .note.GNU-stack
                0x0000000000000000        0x0 lib/lib.a(errno.o)
 .note.GNU-stack
                0x0000000000000000        0x0 lib/lib.a(write.o)
 .note.GNU-stack
                0x0000000000000000        0x0 lib/lib.a(dup.o)
 .note.GNU-stack
                0x0000000000000000        0x0 lib/lib.a(setsid.o)
 .note.GNU-stack
                0x0000000000000000        0x0 lib/lib.a(execve.o)
 .note.GNU-stack
                0x0000000000000000        0x0 lib/lib.a(wait.o)
 .note.GNU-stack
                0x0000000000000000        0x0 lib/lib.a(string.o)

Memory Configuration

Name             Origin             Length             Attributes
*default*        0x0000000000000000 0xffffffffffffffff

Linker script and memory map

Address of section .text set to 0x0
LOAD boot/head.o
LOAD init/main.o
LOAD kernel/kernel.o
LOAD mm/mm.o
LOAD fs/fs.o
LOAD lib/lib.a
                0x0000000008048000                PROVIDE (__executable_start, 0x8048000)
                0x0000000008048094                . = (0x8048000 + SIZEOF_HEADERS)

.interp
 *(.interp)

.note.gnu.build-id
 *(.note.gnu.build-id)

.hash
 *(.hash)

.gnu.hash
 *(.gnu.hash)

.dynsym
 *(.dynsym)

.dynstr
 *(.dynstr)

.gnu.version
 *(.gnu.version)

.gnu.version_d
 *(.gnu.version_d)

.gnu.version_r
 *(.gnu.version_r)

.rel.dyn        0x0000000008048094        0x0
 *(.rel.init)
 *(.rel.text .rel.text.* .rel.gnu.linkonce.t.*)
 .rel.text      0x0000000000000000        0x0 boot/head.o
 *(.rel.fini)
 *(.rel.rodata .rel.rodata.* .rel.gnu.linkonce.r.*)
 *(.rel.data.rel.ro* .rel.gnu.linkonce.d.rel.ro.*)
 *(.rel.data .rel.data.* .rel.gnu.linkonce.d.*)
 .rel.data      0x0000000000000000        0x0 boot/head.o
 *(.rel.tdata .rel.tdata.* .rel.gnu.linkonce.td.*)
 *(.rel.tbss .rel.tbss.* .rel.gnu.linkonce.tb.*)
 *(.rel.ctors)
 *(.rel.dtors)
 *(.rel.got)
 *(.rel.bss .rel.bss.* .rel.gnu.linkonce.b.*)
 *(.rel.ifunc)

.rel.plt        0x0000000008048094        0x0
 *(.rel.plt)
                0x0000000008048094                PROVIDE (__rel_iplt_start, .)
 *(.rel.iplt)
 .rel.iplt      0x0000000000000000        0x0 boot/head.o
                0x0000000008048094                PROVIDE (__rel_iplt_end, .)

.init
 *(.init)

.plt            0x00000000080480a0        0x0
 *(.plt)
 *(.iplt)
 .iplt          0x0000000000000000        0x0 boot/head.o

.text           0x0000000000000000     0xfa65
 *(.text.unlikely .text.*_unlikely)
 *(.text.exit .text.exit.*)
 *(.text.startup .text.startup.*)
 *(.text.hot .text.hot.*)
 *(.text .stub .text.* .gnu.linkonce.t.*)
 .text          0x0000000000000000     0x5078 boot/head.o
                0x0000000000000000                startup_32
                0x0000000000000000                pg_dir
                0x0000000000004078                idt
                0x0000000000004878                gdt
 *fill*         0x0000000000005078        0x8 90909090
 .text          0x0000000000005080      0x370 init/main.o
                0x00000000000050c1                init
                0x0000000000005232                main
 .text          0x00000000000053f0     0x4c57 kernel/kernel.o
                0x00000000000053f0                sys_alarm
                0x0000000000005417                sys_getpid
                0x0000000000005423                sys_getppid
                0x000000000000542f                sys_getuid
                0x000000000000543c                sys_geteuid
                0x0000000000005449                sys_getgid
                0x0000000000005456                sys_getegid
                0x0000000000005463                sys_nice
                0x000000000000547c                sys_signal
                0x00000000000054b9                math_state_restore
                0x00000000000054f0                schedule
                0x00000000000055e1                sys_pause
                0x00000000000055f7                sleep_on
                0x0000000000005651                interruptible_sleep_on
                0x00000000000056bb                wake_up
                0x00000000000056d7                do_timer
                0x000000000000571d                sched_init
                0x0000000000005844                system_call
                0x0000000000005936                timer_interrupt
                0x000000000000596e                sys_execve
                0x000000000000597c                sys_fork
                0x0000000000005994                hd_interrupt
                0x0000000000005b41                do_double_fault
                0x0000000000005b5a                do_general_protection
                0x0000000000005b73                do_divide_error
                0x0000000000005b8c                do_int3
                0x0000000000005c44                do_nmi
                0x0000000000005c5d                do_debug
                0x0000000000005c76                do_overflow
                0x0000000000005c8f                do_bounds
                0x0000000000005ca8                do_invalid_op
                0x0000000000005cc1                do_device_not_available
                0x0000000000005cda                do_coprocessor_segment_overrun
                0x0000000000005cf3                do_invalid_TSS
                0x0000000000005d0c                do_segment_not_present
                0x0000000000005d25                do_stack_segment
                0x0000000000005d3e                do_coprocessor_error
                0x0000000000005d57                do_reserved
                0x0000000000005d70                trap_init
                0x0000000000005f2c                divide_error
                0x0000000000005f61                debug
                0x0000000000005f68                nmi
                0x0000000000005f6f                int3
                0x0000000000005f76                overflow
                0x0000000000005f7d                bounds
                0x0000000000005f84                invalid_op
                0x0000000000005f93                device_not_available
                0x0000000000005fc0                coprocessor_segment_overrun
                0x0000000000005fca                reserved
                0x0000000000005fd4                coprocessor_error
                0x0000000000005fde                double_fault
                0x0000000000006015                invalid_TSS
                0x000000000000601c                segment_not_present
                0x0000000000006023                stack_segment
                0x000000000000602a                general_protection
                0x0000000000006034                verify_area
                0x0000000000006099                copy_mem
                0x000000000000618f                copy_process
                0x000000000000641e                find_empty_process
                0x0000000000006480                panic
                0x000000000000649c                printk
                0x0000000000006726                vsprintf
                0x0000000000006a90                tty_init
                0x0000000000006aa1                tty_intr
                0x0000000000006ae6                clipboard_copy
                0x0000000000006b03                copy_to_cooked
                0x0000000000006dc2                tty_read
                0x0000000000007085                tty_write
                0x0000000000007265                do_tty_interrupt
                0x0000000000007495                initialize_clipboard
                0x00000000000074a1                clipboard_draw
                0x00000000000074e6                cb_del
                0x000000000000750b                cb_insert
                0x0000000000007533                draw_simple_row
                0x0000000000007619                draw_footer
                0x0000000000007638                draw_header
                0x000000000000776b                csi_m
                0x00000000000077c6                tool_draw
                0x00000000000077f7                tool_start
                0x0000000000007837                clipboard_selected_item_del
                0x0000000000007855                clipboard_selected_item_up
                0x0000000000007876                clipboard_selected_item_down
                0x000000000000789a                cb_insert_call
                0x00000000000078c1                cb_copy
                0x0000000000007914                con_write
                0x000000000000828a                con_init
                0x0000000000008313                keyboard_interrupt
                0x0000000000008bb4                rs1_interrupt
                0x0000000000008bbc                rs2_interrupt
                0x0000000000009329                rw_hd
                0x00000000000093d2                sys_setup
                0x00000000000094d1                unexpected_hd_interrupt
                0x00000000000094e4                hd_init
                0x0000000000009554                sys_ftime
                0x000000000000955a                sys_mknod
                0x0000000000009560                sys_break
                0x0000000000009566                sys_mount
                0x000000000000956c                sys_umount
                0x0000000000009572                sys_ustat
                0x0000000000009578                sys_ptrace
                0x000000000000957e                sys_stty
                0x0000000000009584                sys_gtty
                0x000000000000958a                sys_rename
                0x0000000000009590                sys_prof
                0x0000000000009596                sys_setgid
                0x00000000000095f3                sys_acct
                0x00000000000095f9                sys_phys
                0x00000000000095ff                sys_lock
                0x0000000000009605                sys_mpx
                0x000000000000960b                sys_ulimit
                0x0000000000009611                sys_time
                0x0000000000009664                sys_setuid
                0x00000000000096bd                sys_stime
                0x000000000000970a                sys_times
                0x0000000000009763                sys_brk
                0x0000000000009796                sys_setpgid
                0x000000000000980b                sys_getpgrp
                0x0000000000009817                sys_setsid
                0x000000000000986c                sys_oldolduname
                0x0000000000009884                sys_uname
                0x00000000000098d1                sys_umask
                0x00000000000098ef                sys_null
                0x0000000000009920                release
                0x000000000000997a                do_kill
                0x0000000000009bf3                sys_kill
                0x0000000000009c29                do_exit
                0x0000000000009dbc                sys_exit
                0x0000000000009dd7                sys_waitpid
                0x0000000000009f5e                rs_init
                0x0000000000009fb6                rs_write
                0x0000000000009fe0                kernel_mktime
 *fill*         0x000000000000a047        0x1 90909090
 .text          0x000000000000a048      0x517 mm/mm.o
                0x000000000000a048                invalidate
                0x000000000000a051                copy_page
                0x000000000000a076                get_free_page
                0x000000000000a0ae                free_page
                0x000000000000a10e                free_page_tables
                0x000000000000a1be                copy_page_tables
                0x000000000000a2b8                put_page
                0x000000000000a365                un_wp_page
                0x000000000000a3f5                do_wp_page
                0x000000000000a425                write_verify
                0x000000000000a464                do_no_page
                0x000000000000a494                calc_mem
                0x000000000000a528                page_fault
 *fill*         0x000000000000a55f        0x1 90909090
 .text          0x000000000000a560     0x4f4c fs/fs.o
                0x000000000000a560                sys_utime
                0x000000000000a5c9                sys_access
                0x000000000000a660                sys_chdir
                0x000000000000a6c3                sys_chroot
                0x000000000000a726                sys_chmod
                0x000000000000a7bb                sys_chown
                0x000000000000a822                sys_open
                0x000000000000a9b6                sys_creat
                0x000000000000a9d9                sys_close
                0x000000000000aa60                sys_lseek
                0x000000000000ab1c                sys_read
                0x000000000000ac77                sys_write
                0x000000000000b18b                sync_inodes
                0x000000000000b1d5                bmap
                0x000000000000b1ee                create_block
                0x000000000000b207                iput
                0x000000000000b2f5                get_empty_inode
                0x000000000000b3e3                get_pipe_inode
                0x000000000000b42a                iget
                0x000000000000b617                sys_sync
                0x000000000000b67f                brelse
                0x000000000000b6d1                get_hash_table
                0x000000000000b730                getblk
                0x000000000000b9cf                bread
                0x000000000000ba29                buffer_init
                0x000000000000bac4                do_mount
                0x000000000000bccf                mount_root
                0x000000000000be20                block_write
                0x000000000000bf03                block_read
                0x000000000000bfda                ll_rw_block
                0x000000000000c0a3                rw_char
                0x000000000000c114                file_read
                0x000000000000c2bf                file_write
                0x000000000000c55e                sys_stat
                0x000000000000c5a3                sys_lstat
                0x000000000000c5be                sys_fstat
                0x000000000000c601                sys_stat64
                0x000000000000c646                sys_fstat64
                0x000000000000c689                sys_lstat64
                0x000000000000c6a4                sys_oldstat
                0x000000000000c6bc                sys_oldfstat
                0x000000000000c804                cp_block
                0x000000000000c839                is_valid_elf
                0x000000000000c87e                read_file_block_ind
                0x000000000000c913                read_file_block
                0x000000000000ca12                copy_section
                0x000000000000cb00                create_bss_section
                0x000000000000cb26                load_elf_binary
                0x000000000000cd31                do_execve
                0x000000000000d1c4                read_pipe
                0x000000000000d25d                write_pipe
                0x000000000000d356                sys_pipe
                0x000000000000d989                namei
                0x000000000000da3f                open_namei
                0x000000000000dca5                sys_mkdir
                0x000000000000df5a                sys_rmdir
                0x000000000000e2cc                sys_unlink
                0x000000000000e468                sys_link
                0x000000000000e610                free_block
                0x000000000000e74b                new_block
                0x000000000000e8ce                free_inode
                0x000000000000e9fa                new_inode
                0x000000000000ebda                sys_dup2
                0x000000000000ebfa                sys_dup
                0x000000000000ec0a                sys_fcntl
                0x000000000000ecc7                sys_fcntl64
                0x000000000000ed1c                sys_ioctl
                0x000000000000edb9                tty_ioctl
                0x000000000000f085                truncate
                0x000000000000f190                sys_getdents
                0x000000000000f31e                sys_getdents64
 .text          0x000000000000f4ac        0x0 lib/lib.a(ctype.o)
 .text          0x000000000000f4ac        0xe lib/lib.a(_exit.o)
                0x000000000000f4ac                _exit
 *fill*         0x000000000000f4ba        0x2 90909090
 .text          0x000000000000f4bc       0x3d lib/lib.a(open.o)
                0x000000000000f4bc                open
 *fill*         0x000000000000f4f9        0x3 90909090
 .text          0x000000000000f4fc       0x23 lib/lib.a(close.o)
                0x000000000000f4fc                close
 *fill*         0x000000000000f51f        0x1 90909090
 .text          0x000000000000f520        0x0 lib/lib.a(errno.o)
 .text          0x000000000000f520       0x3d lib/lib.a(write.o)
                0x000000000000f520                write
 *fill*         0x000000000000f55d        0x3 90909090
 .text          0x000000000000f560       0x23 lib/lib.a(dup.o)
                0x000000000000f560                dup
 *fill*         0x000000000000f583        0x1 90909090
 .text          0x000000000000f584       0x1e lib/lib.a(setsid.o)
                0x000000000000f584                setsid
 *fill*         0x000000000000f5a2        0x2 90909090
 .text          0x000000000000f5a4       0x3d lib/lib.a(execve.o)
                0x000000000000f5a4                execve
 *fill*         0x000000000000f5e1        0x3 90909090
 .text          0x000000000000f5e4       0x60 lib/lib.a(wait.o)
                0x000000000000f5e4                waitpid
                0x000000000000f621                wait
 .text          0x000000000000f644      0x421 lib/lib.a(string.o)
                0x000000000000f644                strcpy
                0x000000000000f66c                strncpy
                0x000000000000f69d                strcat
                0x000000000000f6d2                strncat
                0x000000000000f711                strcmp
                0x000000000000f73f                strncmp
                0x000000000000f774                strchr
                0x000000000000f792                strrchr
                0x000000000000f7b3                strspn
                0x000000000000f800                strcspn
                0x000000000000f84d                strpbrk
                0x000000000000f892                strstr
                0x000000000000f8d7                strlen
                0x000000000000f8f0                strtok
                0x000000000000f981                memcpy
                0x000000000000f9a7                memmove
                0x000000000000f9f5                memcmp
                0x000000000000fa29                memchr
                0x000000000000fa4f                memset
 *(.gnu.warning)

.fini
 *(.fini)
                0x000000000000fa65                PROVIDE (__etext, .)
                0x000000000000fa65                PROVIDE (_etext, .)
                0x000000000000fa65                PROVIDE (etext, .)

.rodata         0x000000000000fa80     0x1024
 *(.rodata .rodata.* .gnu.linkonce.r.*)
 .rodata.str1.1
                0x000000000000fa80       0x68 init/main.o
 .rodata.str1.4
                0x000000000000fae8       0x25 init/main.o
 *fill*         0x000000000000fb0d       0x13 00
 .rodata        0x000000000000fb20      0x270 kernel/kernel.o
 .rodata.str1.1
                0x000000000000fd90      0x289 kernel/kernel.o
                                        0x28f (size before relaxing)
 *fill*         0x0000000000010019        0x3 00
 .rodata.str1.4
                0x000000000001001c      0x1fc kernel/kernel.o
 .rodata.str1.4
                0x0000000000010218       0xe9 mm/mm.o
 .rodata.str1.1
                0x0000000000010301       0x68 mm/mm.o
 *fill*         0x0000000000010369       0x17 00
 .rodata        0x0000000000010380       0xc4 fs/fs.o
 .rodata.str1.1
                0x0000000000010444      0x32c fs/fs.o
                                        0x332 (size before relaxing)
 .rodata.str1.4
                0x0000000000010770      0x334 fs/fs.o

.rodata1
 *(.rodata1)

.eh_frame_hdr
 *(.eh_frame_hdr)

.eh_frame       0x0000000000010aa4     0x2338
 *(.eh_frame)
 .eh_frame      0x0000000000010aa4       0x74 init/main.o
 .eh_frame      0x0000000000010b18      0xeb4 kernel/kernel.o
                                        0xfec (size before relaxing)
 .eh_frame      0x00000000000119cc      0x1a8 mm/mm.o
                                        0x1c0 (size before relaxing)
 .eh_frame      0x0000000000011b74      0xf0c fs/fs.o
                                       0x10bc (size before relaxing)
 .eh_frame      0x0000000000012a80       0x1c lib/lib.a(_exit.o)
                                         0x34 (size before relaxing)
 .eh_frame      0x0000000000012a9c       0x20 lib/lib.a(open.o)
                                         0x38 (size before relaxing)
 .eh_frame      0x0000000000012abc       0x1c lib/lib.a(close.o)
                                         0x34 (size before relaxing)
 .eh_frame      0x0000000000012ad8       0x20 lib/lib.a(write.o)
                                         0x38 (size before relaxing)
 .eh_frame      0x0000000000012af8       0x1c lib/lib.a(dup.o)
                                         0x34 (size before relaxing)
 .eh_frame      0x0000000000012b14       0x14 lib/lib.a(setsid.o)
                                         0x2c (size before relaxing)
 .eh_frame      0x0000000000012b28       0x20 lib/lib.a(execve.o)
                                         0x38 (size before relaxing)
 .eh_frame      0x0000000000012b48       0x38 lib/lib.a(wait.o)
                                         0x50 (size before relaxing)
 .eh_frame      0x0000000000012b80      0x25c lib/lib.a(string.o)
                                        0x274 (size before relaxing)

.gcc_except_table
 *(.gcc_except_table .gcc_except_table.*)

.exception_ranges
 *(.exception_ranges .exception_ranges*)
                0x0000000000012ddc                . = (ALIGN (0x1000) - ((0x1000 - .) & 0xfff))
                0x0000000000013000                . = DATA_SEGMENT_ALIGN (0x1000, 0x1000)

.eh_frame
 *(.eh_frame)

.gcc_except_table
 *(.gcc_except_table .gcc_except_table.*)

.exception_ranges
 *(.exception_ranges .exception_ranges*)

.tdata
 *(.tdata .tdata.* .gnu.linkonce.td.*)

.tbss
 *(.tbss .tbss.* .gnu.linkonce.tb.*)
 *(.tcommon)

.preinit_array  0x0000000000013000        0x0
                0x0000000000013000                PROVIDE (__preinit_array_start, .)
 *(.preinit_array)
                0x0000000000013000                PROVIDE (__preinit_array_end, .)

.init_array     0x0000000000013000        0x0
                0x0000000000013000                PROVIDE (__init_array_start, .)
 *(SORT(.init_array.*) SORT(.ctors.*))
 *(.init_array)
 *(EXCLUDE_FILE(*crtend?.o *crtend.o *crtbegin?.o *crtbegin.o) .ctors)
                0x0000000000013000                PROVIDE (__init_array_end, .)

.fini_array     0x0000000000013000        0x0
                0x0000000000013000                PROVIDE (__fini_array_start, .)
 *(SORT(.fini_array.*) SORT(.dtors.*))
 *(.fini_array)
 *(EXCLUDE_FILE(*crtend?.o *crtend.o *crtbegin?.o *crtbegin.o) .dtors)
                0x0000000000013000                PROVIDE (__fini_array_end, .)

.ctors
 *crtbegin.o(.ctors)
 *crtbegin?.o(.ctors)
 *(EXCLUDE_FILE(*crtend?.o *crtend.o) .ctors)
 *(SORT(.ctors.*))
 *(.ctors)

.dtors
 *crtbegin.o(.dtors)
 *crtbegin?.o(.dtors)
 *(EXCLUDE_FILE(*crtend?.o *crtend.o) .dtors)
 *(SORT(.dtors.*))
 *(.dtors)

.jcr
 *(.jcr)

.data.rel.ro
 *(.data.rel.ro.local* .gnu.linkonce.d.rel.ro.local.*)
 *(.data.rel.ro* .gnu.linkonce.d.rel.ro.*)

.dynamic
 *(.dynamic)

.got
 *(.got)
 *(.igot)
                0x0000000000013000                . = DATA_SEGMENT_RELRO_END (., 0xc)

.got.plt        0x0000000000013000        0x0
 *(.got.plt)
 *(.igot.plt)
 .igot.plt      0x0000000000000000        0x0 boot/head.o

.data           0x0000000000013000     0x3e64
 *(.data .data.* .gnu.linkonce.d.*)
 .data          0x0000000000013000        0x0 boot/head.o
 .data          0x0000000000013000       0x18 init/main.o
 *fill*         0x0000000000013018        0x8 00
 .data          0x0000000000013020     0x3d2c kernel/kernel.o
                0x0000000000013020                stack_start
                0x0000000000013040                task
                0x0000000000013140                current
                0x0000000000013160                sys_call_table
                0x0000000000014660                table_list
                0x0000000000014680                tty_table
                0x0000000000016ba0                clipboard_set_up
 .data          0x0000000000016d4c        0x0 mm/mm.o
 .data          0x0000000000016d4c        0x4 fs/fs.o
                0x0000000000016d4c                start_buffer
 *fill*         0x0000000000016d50       0x10 00
 .data          0x0000000000016d60      0x101 lib/lib.a(ctype.o)
                0x0000000000016d60                _ctype
 *fill*         0x0000000000016e61        0x3 00
 .data          0x0000000000016e64        0x0 lib/lib.a(_exit.o)
 .data          0x0000000000016e64        0x0 lib/lib.a(open.o)
 .data          0x0000000000016e64        0x0 lib/lib.a(close.o)
 .data          0x0000000000016e64        0x0 lib/lib.a(errno.o)
 .data          0x0000000000016e64        0x0 lib/lib.a(write.o)
 .data          0x0000000000016e64        0x0 lib/lib.a(dup.o)
 .data          0x0000000000016e64        0x0 lib/lib.a(setsid.o)
 .data          0x0000000000016e64        0x0 lib/lib.a(execve.o)
 .data          0x0000000000016e64        0x0 lib/lib.a(wait.o)
 .data          0x0000000000016e64        0x0 lib/lib.a(string.o)

.data1
 *(.data1)
                0x0000000000016e64                _edata = .
                0x0000000000016e64                PROVIDE (edata, .)
                0x0000000000016e64                __bss_start = .

.bss            0x0000000000016e80     0x3e4c
 *(.dynbss)
 *(.bss .bss.* .gnu.linkonce.b.*)
 .bss           0x0000000000016e80        0x0 boot/head.o
 .bss           0x0000000000016e80      0x400 init/main.o
 .bss           0x0000000000017280      0x9ec kernel/kernel.o
                0x0000000000017280                last_task_used_math
                0x0000000000017284                startup_time
                0x0000000000017288                jiffies
                0x000000000001728c                last_pid
                0x00000000000176a0                space_pressed_tty
                0x00000000000176a4                f1_pressed_tty
                0x00000000000176a8                f3_pressed_tty
                0x00000000000176c0                clipboard_selected_item
                0x00000000000176c4                f3_pressed
                0x00000000000176c8                f2_pressed
                0x00000000000176cc                f1_pressed
                0x0000000000017760                do_hd
 *fill*         0x0000000000017c6c       0x14 00
 .bss           0x0000000000017c80      0xc00 mm/mm.o
 .bss           0x0000000000018880      0x710 fs/fs.o
                0x0000000000018880                inode_table
                0x0000000000018f84                nr_buffers
 .bss           0x0000000000018f90        0x0 lib/lib.a(ctype.o)
 .bss           0x0000000000018f90        0x0 lib/lib.a(_exit.o)
 .bss           0x0000000000018f90        0x0 lib/lib.a(open.o)
 .bss           0x0000000000018f90        0x0 lib/lib.a(close.o)
 .bss           0x0000000000018f90        0x0 lib/lib.a(errno.o)
 .bss           0x0000000000018f90        0x0 lib/lib.a(write.o)
 .bss           0x0000000000018f90        0x0 lib/lib.a(dup.o)
 .bss           0x0000000000018f90        0x0 lib/lib.a(setsid.o)
 .bss           0x0000000000018f90        0x0 lib/lib.a(execve.o)
 .bss           0x0000000000018f90        0x0 lib/lib.a(wait.o)
 .bss           0x0000000000018f90        0x0 lib/lib.a(string.o)
 *(COMMON)
 *fill*         0x0000000000018f90       0x10 00
 COMMON         0x0000000000018fa0     0x1100 kernel/kernel.o
                0x0000000000018fa0                clipboard
                0x00000000000190a0                user_stack
 COMMON         0x000000000001a0a0      0xc20 fs/fs.o
                0x000000000001a0a0                hash_table
                0x000000000001a580                super_block
                0x000000000001a8c0                file_table
 COMMON         0x000000000001acc0        0x1 lib/lib.a(ctype.o)
                0x000000000001acc0                _ctmp
 *fill*         0x000000000001acc1        0x3 00
 COMMON         0x000000000001acc4        0x4 lib/lib.a(errno.o)
                0x000000000001acc4                errno
 COMMON         0x000000000001acc8        0x4 lib/lib.a(string.o)
                0x000000000001acc8                ___strtok
                0x000000000001accc                . = ALIGN ((. != 0x0)?0x4:0x1)
                0x000000000001accc                . = ALIGN (0x4)
                0x000000000001accc                . = ALIGN (0x4)
                0x000000000001accc                _end = .
                0x000000000001accc                PROVIDE (end, .)
                0x000000000001accc                . = DATA_SEGMENT_END (.)

.stab
 *(.stab)

.stabstr
 *(.stabstr)

.stab.excl
 *(.stab.excl)

.stab.exclstr
 *(.stab.exclstr)

.stab.index
 *(.stab.index)

.stab.indexstr
 *(.stab.indexstr)

.comment        0x0000000000000000       0x2a
 *(.comment)
 .comment       0x0000000000000000       0x2a init/main.o
                                         0x2b (size before relaxing)
 .comment       0x0000000000000000      0x22f kernel/kernel.o
 .comment       0x0000000000000000       0x2b mm/mm.o
 .comment       0x0000000000000000      0x331 fs/fs.o
 .comment       0x0000000000000000       0x2b lib/lib.a(ctype.o)
 .comment       0x0000000000000000       0x2b lib/lib.a(_exit.o)
 .comment       0x0000000000000000       0x2b lib/lib.a(open.o)
 .comment       0x0000000000000000       0x2b lib/lib.a(close.o)
 .comment       0x0000000000000000       0x2b lib/lib.a(errno.o)
 .comment       0x0000000000000000       0x2b lib/lib.a(write.o)
 .comment       0x0000000000000000       0x2b lib/lib.a(dup.o)
 .comment       0x0000000000000000       0x2b lib/lib.a(setsid.o)
 .comment       0x0000000000000000       0x2b lib/lib.a(execve.o)
 .comment       0x0000000000000000       0x2b lib/lib.a(wait.o)
 .comment       0x0000000000000000       0x2b lib/lib.a(string.o)

.debug
 *(.debug)

.line
 *(.line)

.debug_srcinfo
 *(.debug_srcinfo)

.debug_sfnames
 *(.debug_sfnames)

.debug_aranges  0x0000000000000000      0x540
 *(.debug_aranges)
 .debug_aranges
                0x0000000000000000       0x20 init/main.o
 .debug_aranges
                0x0000000000000020      0x1a0 kernel/kernel.o
 .debug_aranges
                0x00000000000001c0       0x20 mm/mm.o
 .debug_aranges
                0x00000000000001e0      0x240 fs/fs.o
 .debug_aranges
                0x0000000000000420       0x20 lib/lib.a(_exit.o)
 .debug_aranges
                0x0000000000000440       0x20 lib/lib.a(open.o)
 .debug_aranges
                0x0000000000000460       0x20 lib/lib.a(close.o)
 .debug_aranges
                0x0000000000000480       0x20 lib/lib.a(write.o)
 .debug_aranges
                0x00000000000004a0       0x20 lib/lib.a(dup.o)
 .debug_aranges
                0x00000000000004c0       0x20 lib/lib.a(setsid.o)
 .debug_aranges
                0x00000000000004e0       0x20 lib/lib.a(execve.o)
 .debug_aranges
                0x0000000000000500       0x20 lib/lib.a(wait.o)
 .debug_aranges
                0x0000000000000520       0x20 lib/lib.a(string.o)

.debug_pubnames
 *(.debug_pubnames)

.debug_info     0x0000000000000000    0x1a9f0
 *(.debug_info .gnu.linkonce.wi.*)
 .debug_info    0x0000000000000000      0xccf init/main.o
 .debug_info    0x0000000000000ccf     0x8e87 kernel/kernel.o
 .debug_info    0x0000000000009b56      0x4d6 mm/mm.o
 .debug_info    0x000000000000a02c     0xe2d3 fs/fs.o
 .debug_info    0x00000000000182ff       0x70 lib/lib.a(ctype.o)
 .debug_info    0x000000000001836f      0x3af lib/lib.a(_exit.o)
 .debug_info    0x000000000001871e      0x403 lib/lib.a(open.o)
 .debug_info    0x0000000000018b21      0x3ce lib/lib.a(close.o)
 .debug_info    0x0000000000018eef       0x3f lib/lib.a(errno.o)
 .debug_info    0x0000000000018f2e      0x400 lib/lib.a(write.o)
 .debug_info    0x000000000001932e      0x3ce lib/lib.a(dup.o)
 .debug_info    0x00000000000196fc      0x3cb lib/lib.a(setsid.o)
 .debug_info    0x0000000000019ac7      0x3fc lib/lib.a(execve.o)
 .debug_info    0x0000000000019ec3      0x428 lib/lib.a(wait.o)
 .debug_info    0x000000000001a2eb      0x705 lib/lib.a(string.o)

.debug_abbrev   0x0000000000000000     0x443f
 *(.debug_abbrev)
 .debug_abbrev  0x0000000000000000      0x1d7 init/main.o
 .debug_abbrev  0x00000000000001d7     0x17f6 kernel/kernel.o
 .debug_abbrev  0x00000000000019cd      0x1af mm/mm.o
 .debug_abbrev  0x0000000000001b7c     0x212e fs/fs.o
 .debug_abbrev  0x0000000000003caa       0x42 lib/lib.a(ctype.o)
 .debug_abbrev  0x0000000000003cec       0xa3 lib/lib.a(_exit.o)
 .debug_abbrev  0x0000000000003d8f       0xdc lib/lib.a(open.o)
 .debug_abbrev  0x0000000000003e6b       0xb4 lib/lib.a(close.o)
 .debug_abbrev  0x0000000000003f1f       0x30 lib/lib.a(errno.o)
 .debug_abbrev  0x0000000000003f4f       0xd7 lib/lib.a(write.o)
 .debug_abbrev  0x0000000000004026       0xb4 lib/lib.a(dup.o)
 .debug_abbrev  0x00000000000040da       0xb2 lib/lib.a(setsid.o)
 .debug_abbrev  0x000000000000418c       0xbb lib/lib.a(execve.o)
 .debug_abbrev  0x0000000000004247       0xd0 lib/lib.a(wait.o)
 .debug_abbrev  0x0000000000004317      0x128 lib/lib.a(string.o)

.debug_line     0x0000000000000000     0x365b
 *(.debug_line)
 .debug_line    0x0000000000000000      0x11e init/main.o
 .debug_line    0x000000000000011e     0x13cd kernel/kernel.o
 .debug_line    0x00000000000014eb      0x122 mm/mm.o
 .debug_line    0x000000000000160d     0x1b86 fs/fs.o
 .debug_line    0x0000000000003193       0x28 lib/lib.a(ctype.o)
 .debug_line    0x00000000000031bb       0x50 lib/lib.a(_exit.o)
 .debug_line    0x000000000000320b       0x76 lib/lib.a(open.o)
 .debug_line    0x0000000000003281       0x6e lib/lib.a(close.o)
 .debug_line    0x00000000000032ef       0x28 lib/lib.a(errno.o)
 .debug_line    0x0000000000003317       0x8c lib/lib.a(write.o)
 .debug_line    0x00000000000033a3       0x6c lib/lib.a(dup.o)
 .debug_line    0x000000000000340f       0x88 lib/lib.a(setsid.o)
 .debug_line    0x0000000000003497       0x73 lib/lib.a(execve.o)
 .debug_line    0x000000000000350a       0x90 lib/lib.a(wait.o)
 .debug_line    0x000000000000359a       0xc1 lib/lib.a(string.o)

.debug_frame
 *(.debug_frame)

.debug_str      0x0000000000000000     0x1cb9
 *(.debug_str)
 .debug_str     0x0000000000000000      0x402 init/main.o
                                        0x4af (size before relaxing)
 .debug_str     0x0000000000000402      0xd7a kernel/kernel.o
                                       0x34af (size before relaxing)
 .debug_str     0x000000000000117c      0x130 mm/mm.o
                                        0x1cb (size before relaxing)
 .debug_str     0x00000000000012ac      0x931 fs/fs.o
                                       0x548b (size before relaxing)
 .debug_str     0x0000000000001bdd       0x30 lib/lib.a(ctype.o)
                                         0x70 (size before relaxing)
 .debug_str     0x0000000000001c0d        0x8 lib/lib.a(_exit.o)
                                        0x28e (size before relaxing)
 .debug_str     0x0000000000000000        0x8 lib/lib.a(open.o)
                                        0x29e (size before relaxing)
 .debug_str     0x0000000000001c15        0x8 lib/lib.a(close.o)
                                        0x290 (size before relaxing)
 .debug_str     0x0000000000001c1d        0x8 lib/lib.a(errno.o)
                                         0x42 (size before relaxing)
 .debug_str     0x0000000000000000        0x8 lib/lib.a(write.o)
                                        0x29c (size before relaxing)
 .debug_str     0x0000000000001c25        0x6 lib/lib.a(dup.o)
                                        0x288 (size before relaxing)
 .debug_str     0x0000000000001c2b        0x9 lib/lib.a(setsid.o)
                                        0x298 (size before relaxing)
 .debug_str     0x0000000000001c34        0x9 lib/lib.a(execve.o)
                                        0x2a1 (size before relaxing)
 .debug_str     0x0000000000001c3d       0x11 lib/lib.a(wait.o)
                                        0x2ae (size before relaxing)
 .debug_str     0x0000000000001c4e       0x6b lib/lib.a(string.o)
                                         0xf6 (size before relaxing)

.debug_loc      0x0000000000000000     0xaded
 *(.debug_loc)
 .debug_loc     0x0000000000000000      0x256 init/main.o
 .debug_loc     0x0000000000000256     0x3c31 kernel/kernel.o
 .debug_loc     0x0000000000003e87      0x640 mm/mm.o
 .debug_loc     0x00000000000044c7     0x6353 fs/fs.o
 .debug_loc     0x000000000000a81a       0x2c lib/lib.a(_exit.o)
 .debug_loc     0x000000000000a846       0x3f lib/lib.a(open.o)
 .debug_loc     0x000000000000a885       0x3f lib/lib.a(close.o)
 .debug_loc     0x000000000000a8c4       0x57 lib/lib.a(write.o)
 .debug_loc     0x000000000000a91b       0x3f lib/lib.a(dup.o)
 .debug_loc     0x000000000000a95a       0x13 lib/lib.a(setsid.o)
 .debug_loc     0x000000000000a96d       0x57 lib/lib.a(execve.o)
 .debug_loc     0x000000000000a9c4       0x83 lib/lib.a(wait.o)
 .debug_loc     0x000000000000aa47      0x3a6 lib/lib.a(string.o)

.debug_macinfo
 *(.debug_macinfo)

.debug_weaknames
 *(.debug_weaknames)

.debug_funcnames
 *(.debug_funcnames)

.debug_typenames
 *(.debug_typenames)

.debug_varnames
 *(.debug_varnames)

.debug_pubtypes
 *(.debug_pubtypes)

.debug_ranges   0x0000000000000000      0x428
 *(.debug_ranges)
 .debug_ranges  0x0000000000000000      0x120 kernel/kernel.o
 .debug_ranges  0x0000000000000120      0x308 fs/fs.o

.gnu.attributes
 *(.gnu.attributes)

/DISCARD/
 *(.note.GNU-stack)
 *(.gnu_debuglink)
 *(.gnu.lto_*)
OUTPUT(tools/system elf32-i386)
