Archive member included because of file (symbol)

lib/lib.a(ctype.o)            kernel/kernel.o (_ctype)
lib/lib.a(_exit.o)            init/main.o (_exit)
lib/lib.a(open.o)             init/main.o (open)
lib/lib.a(close.o)            init/main.o (close)
lib/lib.a(errno.o)            init/main.o (errno)
lib/lib.a(write.o)            init/main.o (write)
lib/lib.a(dup.o)              init/main.o (dup)
lib/lib.a(setsid.o)           init/main.o (setsid)
lib/lib.a(execve.o)           init/main.o (execve)
lib/lib.a(wait.o)             init/main.o (wait)
lib/lib.a(string.o)           kernel/kernel.o (memcpy)

Allocating common symbols
Common symbol       size              file

clipboard           0xf0              kernel/kernel.o
errno               0x4               lib/lib.a(errno.o)
hash_table          0x4cc             fs/fs.o
___strtok           0x4               lib/lib.a(string.o)
user_stack          0x1000            kernel/kernel.o
_ctmp               0x1               lib/lib.a(ctype.o)
super_block         0x340             fs/fs.o
file_table          0x400             fs/fs.o

Discarded input sections

 .note.GNU-stack
                0x0000000000000000        0x0 init/main.o
 .note.GNU-stack
                0x0000000000000000        0x0 kernel/kernel.o
 .note.GNU-stack
                0x0000000000000000        0x0 mm/mm.o
 .note.GNU-stack
                0x0000000000000000        0x0 fs/fs.o
 .note.GNU-stack
                0x0000000000000000        0x0 lib/lib.a(ctype.o)
 .note.GNU-stack
                0x0000000000000000        0x0 lib/lib.a(_exit.o)
 .note.GNU-stack
                0x0000000000000000        0x0 lib/lib.a(open.o)
 .note.GNU-stack
                0x0000000000000000        0x0 lib/lib.a(close.o)
 .note.GNU-stack
                0x0000000000000000        0x0 lib/lib.a(errno.o)
 .note.GNU-stack
                0x0000000000000000        0x0 lib/lib.a(write.o)
 .note.GNU-stack
                0x0000000000000000        0x0 lib/lib.a(dup.o)
 .note.GNU-stack
                0x0000000000000000        0x0 lib/lib.a(setsid.o)
 .note.GNU-stack
                0x0000000000000000        0x0 lib/lib.a(execve.o)
 .note.GNU-stack
                0x0000000000000000        0x0 lib/lib.a(wait.o)
 .note.GNU-stack
                0x0000000000000000        0x0 lib/lib.a(string.o)

Memory Configuration

Name             Origin             Length             Attributes
*default*        0x0000000000000000 0xffffffffffffffff

Linker script and memory map

Address of section .text set to 0x0
LOAD boot/head.o
LOAD init/main.o
LOAD kernel/kernel.o
LOAD mm/mm.o
LOAD fs/fs.o
LOAD lib/lib.a
                0x0000000008048000                PROVIDE (__executable_start, 0x8048000)
                0x0000000008048094                . = (0x8048000 + SIZEOF_HEADERS)

.interp
 *(.interp)

.note.gnu.build-id
 *(.note.gnu.build-id)

.hash
 *(.hash)

.gnu.hash
 *(.gnu.hash)

.dynsym
 *(.dynsym)

.dynstr
 *(.dynstr)

.gnu.version
 *(.gnu.version)

.gnu.version_d
 *(.gnu.version_d)

.gnu.version_r
 *(.gnu.version_r)

.rel.dyn        0x0000000008048094        0x0
 *(.rel.init)
 *(.rel.text .rel.text.* .rel.gnu.linkonce.t.*)
 .rel.text      0x0000000000000000        0x0 boot/head.o
 *(.rel.fini)
 *(.rel.rodata .rel.rodata.* .rel.gnu.linkonce.r.*)
 *(.rel.data.rel.ro* .rel.gnu.linkonce.d.rel.ro.*)
 *(.rel.data .rel.data.* .rel.gnu.linkonce.d.*)
 .rel.data      0x0000000000000000        0x0 boot/head.o
 *(.rel.tdata .rel.tdata.* .rel.gnu.linkonce.td.*)
 *(.rel.tbss .rel.tbss.* .rel.gnu.linkonce.tb.*)
 *(.rel.ctors)
 *(.rel.dtors)
 *(.rel.got)
 *(.rel.bss .rel.bss.* .rel.gnu.linkonce.b.*)
 *(.rel.ifunc)

.rel.plt        0x0000000008048094        0x0
 *(.rel.plt)
                0x0000000008048094                PROVIDE (__rel_iplt_start, .)
 *(.rel.iplt)
 .rel.iplt      0x0000000000000000        0x0 boot/head.o
                0x0000000008048094                PROVIDE (__rel_iplt_end, .)

.init
 *(.init)

.plt            0x00000000080480a0        0x0
 *(.plt)
 *(.iplt)
 .iplt          0x0000000000000000        0x0 boot/head.o

.text           0x0000000000000000     0xf955
 *(.text.unlikely .text.*_unlikely)
 *(.text.exit .text.exit.*)
 *(.text.startup .text.startup.*)
 *(.text.hot .text.hot.*)
 *(.text .stub .text.* .gnu.linkonce.t.*)
 .text          0x0000000000000000     0x5078 boot/head.o
                0x0000000000000000                startup_32
                0x0000000000000000                pg_dir
                0x0000000000004078                idt
                0x0000000000004878                gdt
 *fill*         0x0000000000005078        0x8 90909090
 .text          0x0000000000005080      0x370 init/main.o
                0x00000000000050c1                init
                0x0000000000005232                main
 .text          0x00000000000053f0     0x4b47 kernel/kernel.o
                0x00000000000053f0                sys_alarm
                0x0000000000005417                sys_getpid
                0x0000000000005423                sys_getppid
                0x000000000000542f                sys_getuid
                0x000000000000543c                sys_geteuid
                0x0000000000005449                sys_getgid
                0x0000000000005456                sys_getegid
                0x0000000000005463                sys_nice
                0x000000000000547c                sys_signal
                0x00000000000054b9                math_state_restore
                0x00000000000054f0                schedule
                0x00000000000055e1                sys_pause
                0x00000000000055f7                sleep_on
                0x0000000000005651                interruptible_sleep_on
                0x00000000000056bb                wake_up
                0x00000000000056d7                do_timer
                0x000000000000571d                sched_init
                0x0000000000005844                system_call
                0x0000000000005936                timer_interrupt
                0x000000000000596e                sys_execve
                0x000000000000597c                sys_fork
                0x0000000000005994                hd_interrupt
                0x0000000000005b41                do_double_fault
                0x0000000000005b5a                do_general_protection
                0x0000000000005b73                do_divide_error
                0x0000000000005b8c                do_int3
                0x0000000000005c44                do_nmi
                0x0000000000005c5d                do_debug
                0x0000000000005c76                do_overflow
                0x0000000000005c8f                do_bounds
                0x0000000000005ca8                do_invalid_op
                0x0000000000005cc1                do_device_not_available
                0x0000000000005cda                do_coprocessor_segment_overrun
                0x0000000000005cf3                do_invalid_TSS
                0x0000000000005d0c                do_segment_not_present
                0x0000000000005d25                do_stack_segment
                0x0000000000005d3e                do_coprocessor_error
                0x0000000000005d57                do_reserved
                0x0000000000005d70                trap_init
                0x0000000000005f2c                divide_error
                0x0000000000005f61                debug
                0x0000000000005f68                nmi
                0x0000000000005f6f                int3
                0x0000000000005f76                overflow
                0x0000000000005f7d                bounds
                0x0000000000005f84                invalid_op
                0x0000000000005f93                device_not_available
                0x0000000000005fc0                coprocessor_segment_overrun
                0x0000000000005fca                reserved
                0x0000000000005fd4                coprocessor_error
                0x0000000000005fde                double_fault
                0x0000000000006015                invalid_TSS
                0x000000000000601c                segment_not_present
                0x0000000000006023                stack_segment
                0x000000000000602a                general_protection
                0x0000000000006034                verify_area
                0x0000000000006099                copy_mem
                0x000000000000618f                copy_process
                0x000000000000641e                find_empty_process
                0x0000000000006480                panic
                0x000000000000649c                printk
                0x0000000000006726                vsprintf
                0x0000000000006a90                tty_init
                0x0000000000006aa1                tty_intr
                0x0000000000006ae6                copy_to_cooked
                0x0000000000006d66                tty_read
                0x000000000000702c                tty_write
                0x0000000000007209                do_tty_interrupt
                0x0000000000007435                initialize_clipboard
                0x0000000000007441                clipboard_draw
                0x0000000000007486                cb_del
                0x00000000000074ab                draw_simple_row
                0x0000000000007591                draw_footer
                0x00000000000075b0                draw_header
                0x00000000000076e3                csi_m
                0x000000000000773e                tool_draw
                0x000000000000776f                tool_start
                0x00000000000077af                clipboard_selected_item_del
                0x00000000000077cd                clipboard_selected_item_up
                0x00000000000077ee                clipboard_selected_item_down
                0x0000000000007812                cb_insert
                0x000000000000783a                con_write
                0x00000000000081da                con_init
                0x0000000000008263                keyboard_interrupt
                0x0000000000008aa4                rs1_interrupt
                0x0000000000008aac                rs2_interrupt
                0x0000000000009219                rw_hd
                0x00000000000092c2                sys_setup
                0x00000000000093c1                unexpected_hd_interrupt
                0x00000000000093d4                hd_init
                0x0000000000009444                sys_ftime
                0x000000000000944a                sys_mknod
                0x0000000000009450                sys_break
                0x0000000000009456                sys_mount
                0x000000000000945c                sys_umount
                0x0000000000009462                sys_ustat
                0x0000000000009468                sys_ptrace
                0x000000000000946e                sys_stty
                0x0000000000009474                sys_gtty
                0x000000000000947a                sys_rename
                0x0000000000009480                sys_prof
                0x0000000000009486                sys_setgid
                0x00000000000094e3                sys_acct
                0x00000000000094e9                sys_phys
                0x00000000000094ef                sys_lock
                0x00000000000094f5                sys_mpx
                0x00000000000094fb                sys_ulimit
                0x0000000000009501                sys_time
                0x0000000000009554                sys_setuid
                0x00000000000095ad                sys_stime
                0x00000000000095fa                sys_times
                0x0000000000009653                sys_brk
                0x0000000000009686                sys_setpgid
                0x00000000000096fb                sys_getpgrp
                0x0000000000009707                sys_setsid
                0x000000000000975c                sys_oldolduname
                0x0000000000009774                sys_uname
                0x00000000000097c1                sys_umask
                0x00000000000097df                sys_null
                0x0000000000009810                release
                0x000000000000986a                do_kill
                0x0000000000009ae3                sys_kill
                0x0000000000009b19                do_exit
                0x0000000000009cac                sys_exit
                0x0000000000009cc7                sys_waitpid
                0x0000000000009e4e                rs_init
                0x0000000000009ea6                rs_write
                0x0000000000009ed0                kernel_mktime
 *fill*         0x0000000000009f37        0x1 90909090
 .text          0x0000000000009f38      0x517 mm/mm.o
                0x0000000000009f38                invalidate
                0x0000000000009f41                copy_page
                0x0000000000009f66                get_free_page
                0x0000000000009f9e                free_page
                0x0000000000009ffe                free_page_tables
                0x000000000000a0ae                copy_page_tables
                0x000000000000a1a8                put_page
                0x000000000000a255                un_wp_page
                0x000000000000a2e5                do_wp_page
                0x000000000000a315                write_verify
                0x000000000000a354                do_no_page
                0x000000000000a384                calc_mem
                0x000000000000a418                page_fault
 *fill*         0x000000000000a44f        0x1 90909090
 .text          0x000000000000a450     0x4f4c fs/fs.o
                0x000000000000a450                sys_utime
                0x000000000000a4b9                sys_access
                0x000000000000a550                sys_chdir
                0x000000000000a5b3                sys_chroot
                0x000000000000a616                sys_chmod
                0x000000000000a6ab                sys_chown
                0x000000000000a712                sys_open
                0x000000000000a8a6                sys_creat
                0x000000000000a8c9                sys_close
                0x000000000000a950                sys_lseek
                0x000000000000aa0c                sys_read
                0x000000000000ab67                sys_write
                0x000000000000b07b                sync_inodes
                0x000000000000b0c5                bmap
                0x000000000000b0de                create_block
                0x000000000000b0f7                iput
                0x000000000000b1e5                get_empty_inode
                0x000000000000b2d3                get_pipe_inode
                0x000000000000b31a                iget
                0x000000000000b507                sys_sync
                0x000000000000b56f                brelse
                0x000000000000b5c1                get_hash_table
                0x000000000000b620                getblk
                0x000000000000b8bf                bread
                0x000000000000b919                buffer_init
                0x000000000000b9b4                do_mount
                0x000000000000bbbf                mount_root
                0x000000000000bd10                block_write
                0x000000000000bdf3                block_read
                0x000000000000beca                ll_rw_block
                0x000000000000bf93                rw_char
                0x000000000000c004                file_read
                0x000000000000c1af                file_write
                0x000000000000c44e                sys_stat
                0x000000000000c493                sys_lstat
                0x000000000000c4ae                sys_fstat
                0x000000000000c4f1                sys_stat64
                0x000000000000c536                sys_fstat64
                0x000000000000c579                sys_lstat64
                0x000000000000c594                sys_oldstat
                0x000000000000c5ac                sys_oldfstat
                0x000000000000c6f4                cp_block
                0x000000000000c729                is_valid_elf
                0x000000000000c76e                read_file_block_ind
                0x000000000000c803                read_file_block
                0x000000000000c902                copy_section
                0x000000000000c9f0                create_bss_section
                0x000000000000ca16                load_elf_binary
                0x000000000000cc21                do_execve
                0x000000000000d0b4                read_pipe
                0x000000000000d14d                write_pipe
                0x000000000000d246                sys_pipe
                0x000000000000d879                namei
                0x000000000000d92f                open_namei
                0x000000000000db95                sys_mkdir
                0x000000000000de4a                sys_rmdir
                0x000000000000e1bc                sys_unlink
                0x000000000000e358                sys_link
                0x000000000000e500                free_block
                0x000000000000e63b                new_block
                0x000000000000e7be                free_inode
                0x000000000000e8ea                new_inode
                0x000000000000eaca                sys_dup2
                0x000000000000eaea                sys_dup
                0x000000000000eafa                sys_fcntl
                0x000000000000ebb7                sys_fcntl64
                0x000000000000ec0c                sys_ioctl
                0x000000000000eca9                tty_ioctl
                0x000000000000ef75                truncate
                0x000000000000f080                sys_getdents
                0x000000000000f20e                sys_getdents64
 .text          0x000000000000f39c        0x0 lib/lib.a(ctype.o)
 .text          0x000000000000f39c        0xe lib/lib.a(_exit.o)
                0x000000000000f39c                _exit
 *fill*         0x000000000000f3aa        0x2 90909090
 .text          0x000000000000f3ac       0x3d lib/lib.a(open.o)
                0x000000000000f3ac                open
 *fill*         0x000000000000f3e9        0x3 90909090
 .text          0x000000000000f3ec       0x23 lib/lib.a(close.o)
                0x000000000000f3ec                close
 *fill*         0x000000000000f40f        0x1 90909090
 .text          0x000000000000f410        0x0 lib/lib.a(errno.o)
 .text          0x000000000000f410       0x3d lib/lib.a(write.o)
                0x000000000000f410                write
 *fill*         0x000000000000f44d        0x3 90909090
 .text          0x000000000000f450       0x23 lib/lib.a(dup.o)
                0x000000000000f450                dup
 *fill*         0x000000000000f473        0x1 90909090
 .text          0x000000000000f474       0x1e lib/lib.a(setsid.o)
                0x000000000000f474                setsid
 *fill*         0x000000000000f492        0x2 90909090
 .text          0x000000000000f494       0x3d lib/lib.a(execve.o)
                0x000000000000f494                execve
 *fill*         0x000000000000f4d1        0x3 90909090
 .text          0x000000000000f4d4       0x60 lib/lib.a(wait.o)
                0x000000000000f4d4                waitpid
                0x000000000000f511                wait
 .text          0x000000000000f534      0x421 lib/lib.a(string.o)
                0x000000000000f534                strcpy
                0x000000000000f55c                strncpy
                0x000000000000f58d                strcat
                0x000000000000f5c2                strncat
                0x000000000000f601                strcmp
                0x000000000000f62f                strncmp
                0x000000000000f664                strchr
                0x000000000000f682                strrchr
                0x000000000000f6a3                strspn
                0x000000000000f6f0                strcspn
                0x000000000000f73d                strpbrk
                0x000000000000f782                strstr
                0x000000000000f7c7                strlen
                0x000000000000f7e0                strtok
                0x000000000000f871                memcpy
                0x000000000000f897                memmove
                0x000000000000f8e5                memcmp
                0x000000000000f919                memchr
                0x000000000000f93f                memset
 *(.gnu.warning)

.fini
 *(.fini)
                0x000000000000f955                PROVIDE (__etext, .)
                0x000000000000f955                PROVIDE (_etext, .)
                0x000000000000f955                PROVIDE (etext, .)

.rodata         0x000000000000f960     0x1024
 *(.rodata .rodata.* .gnu.linkonce.r.*)
 .rodata.str1.1
                0x000000000000f960       0x68 init/main.o
 .rodata.str1.4
                0x000000000000f9c8       0x25 init/main.o
 *fill*         0x000000000000f9ed       0x13 00
 .rodata        0x000000000000fa00      0x270 kernel/kernel.o
 .rodata.str1.1
                0x000000000000fc70      0x289 kernel/kernel.o
                                        0x28f (size before relaxing)
 *fill*         0x000000000000fef9        0x3 00
 .rodata.str1.4
                0x000000000000fefc      0x1fc kernel/kernel.o
 .rodata.str1.4
                0x00000000000100f8       0xe9 mm/mm.o
 .rodata.str1.1
                0x00000000000101e1       0x68 mm/mm.o
 *fill*         0x0000000000010249       0x17 00
 .rodata        0x0000000000010260       0xc4 fs/fs.o
 .rodata.str1.1
                0x0000000000010324      0x32c fs/fs.o
                                        0x332 (size before relaxing)
 .rodata.str1.4
                0x0000000000010650      0x334 fs/fs.o

.rodata1
 *(.rodata1)

.eh_frame_hdr
 *(.eh_frame_hdr)

.eh_frame       0x0000000000010984     0x22cc
 *(.eh_frame)
 .eh_frame      0x0000000000010984       0x74 init/main.o
 .eh_frame      0x00000000000109f8      0xe48 kernel/kernel.o
                                        0xf80 (size before relaxing)
 .eh_frame      0x0000000000011840      0x1a8 mm/mm.o
                                        0x1c0 (size before relaxing)
 .eh_frame      0x00000000000119e8      0xf0c fs/fs.o
                                       0x10bc (size before relaxing)
 .eh_frame      0x00000000000128f4       0x1c lib/lib.a(_exit.o)
                                         0x34 (size before relaxing)
 .eh_frame      0x0000000000012910       0x20 lib/lib.a(open.o)
                                         0x38 (size before relaxing)
 .eh_frame      0x0000000000012930       0x1c lib/lib.a(close.o)
                                         0x34 (size before relaxing)
 .eh_frame      0x000000000001294c       0x20 lib/lib.a(write.o)
                                         0x38 (size before relaxing)
 .eh_frame      0x000000000001296c       0x1c lib/lib.a(dup.o)
                                         0x34 (size before relaxing)
 .eh_frame      0x0000000000012988       0x14 lib/lib.a(setsid.o)
                                         0x2c (size before relaxing)
 .eh_frame      0x000000000001299c       0x20 lib/lib.a(execve.o)
                                         0x38 (size before relaxing)
 .eh_frame      0x00000000000129bc       0x38 lib/lib.a(wait.o)
                                         0x50 (size before relaxing)
 .eh_frame      0x00000000000129f4      0x25c lib/lib.a(string.o)
                                        0x274 (size before relaxing)

.gcc_except_table
 *(.gcc_except_table .gcc_except_table.*)

.exception_ranges
 *(.exception_ranges .exception_ranges*)
                0x0000000000012c50                . = (ALIGN (0x1000) - ((0x1000 - .) & 0xfff))
                0x0000000000013000                . = DATA_SEGMENT_ALIGN (0x1000, 0x1000)

.eh_frame
 *(.eh_frame)

.gcc_except_table
 *(.gcc_except_table .gcc_except_table.*)

.exception_ranges
 *(.exception_ranges .exception_ranges*)

.tdata
 *(.tdata .tdata.* .gnu.linkonce.td.*)

.tbss
 *(.tbss .tbss.* .gnu.linkonce.tb.*)
 *(.tcommon)

.preinit_array  0x0000000000013000        0x0
                0x0000000000013000                PROVIDE (__preinit_array_start, .)
 *(.preinit_array)
                0x0000000000013000                PROVIDE (__preinit_array_end, .)

.init_array     0x0000000000013000        0x0
                0x0000000000013000                PROVIDE (__init_array_start, .)
 *(SORT(.init_array.*) SORT(.ctors.*))
 *(.init_array)
 *(EXCLUDE_FILE(*crtend?.o *crtend.o *crtbegin?.o *crtbegin.o) .ctors)
                0x0000000000013000                PROVIDE (__init_array_end, .)

.fini_array     0x0000000000013000        0x0
                0x0000000000013000                PROVIDE (__fini_array_start, .)
 *(SORT(.fini_array.*) SORT(.dtors.*))
 *(.fini_array)
 *(EXCLUDE_FILE(*crtend?.o *crtend.o *crtbegin?.o *crtbegin.o) .dtors)
                0x0000000000013000                PROVIDE (__fini_array_end, .)

.ctors
 *crtbegin.o(.ctors)
 *crtbegin?.o(.ctors)
 *(EXCLUDE_FILE(*crtend?.o *crtend.o) .ctors)
 *(SORT(.ctors.*))
 *(.ctors)

.dtors
 *crtbegin.o(.dtors)
 *crtbegin?.o(.dtors)
 *(EXCLUDE_FILE(*crtend?.o *crtend.o) .dtors)
 *(SORT(.dtors.*))
 *(.dtors)

.jcr
 *(.jcr)

.data.rel.ro
 *(.data.rel.ro.local* .gnu.linkonce.d.rel.ro.local.*)
 *(.data.rel.ro* .gnu.linkonce.d.rel.ro.*)

.dynamic
 *(.dynamic)

.got
 *(.got)
 *(.igot)
                0x0000000000013000                . = DATA_SEGMENT_RELRO_END (., 0xc)

.got.plt        0x0000000000013000        0x0
 *(.got.plt)
 *(.igot.plt)
 .igot.plt      0x0000000000000000        0x0 boot/head.o

.data           0x0000000000013000     0x3e64
 *(.data .data.* .gnu.linkonce.d.*)
 .data          0x0000000000013000        0x0 boot/head.o
 .data          0x0000000000013000       0x18 init/main.o
 *fill*         0x0000000000013018        0x8 00
 .data          0x0000000000013020     0x3d2c kernel/kernel.o
                0x0000000000013020                stack_start
                0x0000000000013040                task
                0x0000000000013140                current
                0x0000000000013160                sys_call_table
                0x0000000000014660                table_list
                0x0000000000014680                tty_table
                0x0000000000016ba0                clipboard_set_up
                0x0000000000016ba4                clipboard_selected_item
 .data          0x0000000000016d4c        0x0 mm/mm.o
 .data          0x0000000000016d4c        0x4 fs/fs.o
                0x0000000000016d4c                start_buffer
 *fill*         0x0000000000016d50       0x10 00
 .data          0x0000000000016d60      0x101 lib/lib.a(ctype.o)
                0x0000000000016d60                _ctype
 *fill*         0x0000000000016e61        0x3 00
 .data          0x0000000000016e64        0x0 lib/lib.a(_exit.o)
 .data          0x0000000000016e64        0x0 lib/lib.a(open.o)
 .data          0x0000000000016e64        0x0 lib/lib.a(close.o)
 .data          0x0000000000016e64        0x0 lib/lib.a(errno.o)
 .data          0x0000000000016e64        0x0 lib/lib.a(write.o)
 .data          0x0000000000016e64        0x0 lib/lib.a(dup.o)
 .data          0x0000000000016e64        0x0 lib/lib.a(setsid.o)
 .data          0x0000000000016e64        0x0 lib/lib.a(execve.o)
 .data          0x0000000000016e64        0x0 lib/lib.a(wait.o)
 .data          0x0000000000016e64        0x0 lib/lib.a(string.o)

.data1
 *(.data1)
                0x0000000000016e64                _edata = .
                0x0000000000016e64                PROVIDE (edata, .)
                0x0000000000016e64                __bss_start = .

.bss            0x0000000000016e80     0x3e4c
 *(.dynbss)
 *(.bss .bss.* .gnu.linkonce.b.*)
 .bss           0x0000000000016e80        0x0 boot/head.o
 .bss           0x0000000000016e80      0x400 init/main.o
 .bss           0x0000000000017280      0x9ec kernel/kernel.o
                0x0000000000017280                last_task_used_math
                0x0000000000017284                startup_time
                0x0000000000017288                jiffies
                0x000000000001728c                last_pid
                0x00000000000176c0                f3_pressed
                0x00000000000176c4                f2_pressed
                0x0000000000017760                do_hd
 *fill*         0x0000000000017c6c       0x14 00
 .bss           0x0000000000017c80      0xc00 mm/mm.o
 .bss           0x0000000000018880      0x710 fs/fs.o
                0x0000000000018880                inode_table
                0x0000000000018f84                nr_buffers
 .bss           0x0000000000018f90        0x0 lib/lib.a(ctype.o)
 .bss           0x0000000000018f90        0x0 lib/lib.a(_exit.o)
 .bss           0x0000000000018f90        0x0 lib/lib.a(open.o)
 .bss           0x0000000000018f90        0x0 lib/lib.a(close.o)
 .bss           0x0000000000018f90        0x0 lib/lib.a(errno.o)
 .bss           0x0000000000018f90        0x0 lib/lib.a(write.o)
 .bss           0x0000000000018f90        0x0 lib/lib.a(dup.o)
 .bss           0x0000000000018f90        0x0 lib/lib.a(setsid.o)
 .bss           0x0000000000018f90        0x0 lib/lib.a(execve.o)
 .bss           0x0000000000018f90        0x0 lib/lib.a(wait.o)
 .bss           0x0000000000018f90        0x0 lib/lib.a(string.o)
 *(COMMON)
 *fill*         0x0000000000018f90       0x10 00
 COMMON         0x0000000000018fa0     0x1100 kernel/kernel.o
                0x0000000000018fa0                clipboard
                0x00000000000190a0                user_stack
 COMMON         0x000000000001a0a0      0xc20 fs/fs.o
                0x000000000001a0a0                hash_table
                0x000000000001a580                super_block
                0x000000000001a8c0                file_table
 COMMON         0x000000000001acc0        0x1 lib/lib.a(ctype.o)
                0x000000000001acc0                _ctmp
 *fill*         0x000000000001acc1        0x3 00
 COMMON         0x000000000001acc4        0x4 lib/lib.a(errno.o)
                0x000000000001acc4                errno
 COMMON         0x000000000001acc8        0x4 lib/lib.a(string.o)
                0x000000000001acc8                ___strtok
                0x000000000001accc                . = ALIGN ((. != 0x0)?0x4:0x1)
                0x000000000001accc                . = ALIGN (0x4)
                0x000000000001accc                . = ALIGN (0x4)
                0x000000000001accc                _end = .
                0x000000000001accc                PROVIDE (end, .)
                0x000000000001accc                . = DATA_SEGMENT_END (.)

.stab
 *(.stab)

.stabstr
 *(.stabstr)

.stab.excl
 *(.stab.excl)

.stab.exclstr
 *(.stab.exclstr)

.stab.index
 *(.stab.index)

.stab.indexstr
 *(.stab.indexstr)

.comment        0x0000000000000000       0x2a
 *(.comment)
 .comment       0x0000000000000000       0x2a init/main.o
                                         0x2b (size before relaxing)
 .comment       0x0000000000000000      0x22f kernel/kernel.o
 .comment       0x0000000000000000       0x2b mm/mm.o
 .comment       0x0000000000000000      0x331 fs/fs.o
 .comment       0x0000000000000000       0x2b lib/lib.a(ctype.o)
 .comment       0x0000000000000000       0x2b lib/lib.a(_exit.o)
 .comment       0x0000000000000000       0x2b lib/lib.a(open.o)
 .comment       0x0000000000000000       0x2b lib/lib.a(close.o)
 .comment       0x0000000000000000       0x2b lib/lib.a(errno.o)
 .comment       0x0000000000000000       0x2b lib/lib.a(write.o)
 .comment       0x0000000000000000       0x2b lib/lib.a(dup.o)
 .comment       0x0000000000000000       0x2b lib/lib.a(setsid.o)
 .comment       0x0000000000000000       0x2b lib/lib.a(execve.o)
 .comment       0x0000000000000000       0x2b lib/lib.a(wait.o)
 .comment       0x0000000000000000       0x2b lib/lib.a(string.o)

.debug
 *(.debug)

.line
 *(.line)

.debug_srcinfo
 *(.debug_srcinfo)

.debug_sfnames
 *(.debug_sfnames)

.debug_aranges  0x0000000000000000      0x540
 *(.debug_aranges)
 .debug_aranges
                0x0000000000000000       0x20 init/main.o
 .debug_aranges
                0x0000000000000020      0x1a0 kernel/kernel.o
 .debug_aranges
                0x00000000000001c0       0x20 mm/mm.o
 .debug_aranges
                0x00000000000001e0      0x240 fs/fs.o
 .debug_aranges
                0x0000000000000420       0x20 lib/lib.a(_exit.o)
 .debug_aranges
                0x0000000000000440       0x20 lib/lib.a(open.o)
 .debug_aranges
                0x0000000000000460       0x20 lib/lib.a(close.o)
 .debug_aranges
                0x0000000000000480       0x20 lib/lib.a(write.o)
 .debug_aranges
                0x00000000000004a0       0x20 lib/lib.a(dup.o)
 .debug_aranges
                0x00000000000004c0       0x20 lib/lib.a(setsid.o)
 .debug_aranges
                0x00000000000004e0       0x20 lib/lib.a(execve.o)
 .debug_aranges
                0x0000000000000500       0x20 lib/lib.a(wait.o)
 .debug_aranges
                0x0000000000000520       0x20 lib/lib.a(string.o)

.debug_pubnames
 *(.debug_pubnames)

.debug_info     0x0000000000000000    0x1a8ef
 *(.debug_info .gnu.linkonce.wi.*)
 .debug_info    0x0000000000000000      0xccf init/main.o
 .debug_info    0x0000000000000ccf     0x8d86 kernel/kernel.o
 .debug_info    0x0000000000009a55      0x4d6 mm/mm.o
 .debug_info    0x0000000000009f2b     0xe2d3 fs/fs.o
 .debug_info    0x00000000000181fe       0x70 lib/lib.a(ctype.o)
 .debug_info    0x000000000001826e      0x3af lib/lib.a(_exit.o)
 .debug_info    0x000000000001861d      0x403 lib/lib.a(open.o)
 .debug_info    0x0000000000018a20      0x3ce lib/lib.a(close.o)
 .debug_info    0x0000000000018dee       0x3f lib/lib.a(errno.o)
 .debug_info    0x0000000000018e2d      0x400 lib/lib.a(write.o)
 .debug_info    0x000000000001922d      0x3ce lib/lib.a(dup.o)
 .debug_info    0x00000000000195fb      0x3cb lib/lib.a(setsid.o)
 .debug_info    0x00000000000199c6      0x3fc lib/lib.a(execve.o)
 .debug_info    0x0000000000019dc2      0x428 lib/lib.a(wait.o)
 .debug_info    0x000000000001a1ea      0x705 lib/lib.a(string.o)

.debug_abbrev   0x0000000000000000     0x444e
 *(.debug_abbrev)
 .debug_abbrev  0x0000000000000000      0x1d7 init/main.o
 .debug_abbrev  0x00000000000001d7     0x1805 kernel/kernel.o
 .debug_abbrev  0x00000000000019dc      0x1af mm/mm.o
 .debug_abbrev  0x0000000000001b8b     0x212e fs/fs.o
 .debug_abbrev  0x0000000000003cb9       0x42 lib/lib.a(ctype.o)
 .debug_abbrev  0x0000000000003cfb       0xa3 lib/lib.a(_exit.o)
 .debug_abbrev  0x0000000000003d9e       0xdc lib/lib.a(open.o)
 .debug_abbrev  0x0000000000003e7a       0xb4 lib/lib.a(close.o)
 .debug_abbrev  0x0000000000003f2e       0x30 lib/lib.a(errno.o)
 .debug_abbrev  0x0000000000003f5e       0xd7 lib/lib.a(write.o)
 .debug_abbrev  0x0000000000004035       0xb4 lib/lib.a(dup.o)
 .debug_abbrev  0x00000000000040e9       0xb2 lib/lib.a(setsid.o)
 .debug_abbrev  0x000000000000419b       0xbb lib/lib.a(execve.o)
 .debug_abbrev  0x0000000000004256       0xd0 lib/lib.a(wait.o)
 .debug_abbrev  0x0000000000004326      0x128 lib/lib.a(string.o)

.debug_line     0x0000000000000000     0x362f
 *(.debug_line)
 .debug_line    0x0000000000000000      0x11e init/main.o
 .debug_line    0x000000000000011e     0x13a1 kernel/kernel.o
 .debug_line    0x00000000000014bf      0x122 mm/mm.o
 .debug_line    0x00000000000015e1     0x1b86 fs/fs.o
 .debug_line    0x0000000000003167       0x28 lib/lib.a(ctype.o)
 .debug_line    0x000000000000318f       0x50 lib/lib.a(_exit.o)
 .debug_line    0x00000000000031df       0x76 lib/lib.a(open.o)
 .debug_line    0x0000000000003255       0x6e lib/lib.a(close.o)
 .debug_line    0x00000000000032c3       0x28 lib/lib.a(errno.o)
 .debug_line    0x00000000000032eb       0x8c lib/lib.a(write.o)
 .debug_line    0x0000000000003377       0x6c lib/lib.a(dup.o)
 .debug_line    0x00000000000033e3       0x88 lib/lib.a(setsid.o)
 .debug_line    0x000000000000346b       0x73 lib/lib.a(execve.o)
 .debug_line    0x00000000000034de       0x90 lib/lib.a(wait.o)
 .debug_line    0x000000000000356e       0xc1 lib/lib.a(string.o)

.debug_frame
 *(.debug_frame)

.debug_str      0x0000000000000000     0x1c58
 *(.debug_str)
 .debug_str     0x0000000000000000      0x402 init/main.o
                                        0x4af (size before relaxing)
 .debug_str     0x0000000000000402      0xd19 kernel/kernel.o
                                       0x344e (size before relaxing)
 .debug_str     0x000000000000111b      0x130 mm/mm.o
                                        0x1cb (size before relaxing)
 .debug_str     0x000000000000124b      0x931 fs/fs.o
                                       0x548b (size before relaxing)
 .debug_str     0x0000000000001b7c       0x30 lib/lib.a(ctype.o)
                                         0x70 (size before relaxing)
 .debug_str     0x0000000000001bac        0x8 lib/lib.a(_exit.o)
                                        0x28e (size before relaxing)
 .debug_str     0x0000000000000000        0x8 lib/lib.a(open.o)
                                        0x29e (size before relaxing)
 .debug_str     0x0000000000001bb4        0x8 lib/lib.a(close.o)
                                        0x290 (size before relaxing)
 .debug_str     0x0000000000001bbc        0x8 lib/lib.a(errno.o)
                                         0x42 (size before relaxing)
 .debug_str     0x0000000000000000        0x8 lib/lib.a(write.o)
                                        0x29c (size before relaxing)
 .debug_str     0x0000000000001bc4        0x6 lib/lib.a(dup.o)
                                        0x288 (size before relaxing)
 .debug_str     0x0000000000001bca        0x9 lib/lib.a(setsid.o)
                                        0x298 (size before relaxing)
 .debug_str     0x0000000000001bd3        0x9 lib/lib.a(execve.o)
                                        0x2a1 (size before relaxing)
 .debug_str     0x0000000000001bdc       0x11 lib/lib.a(wait.o)
                                        0x2ae (size before relaxing)
 .debug_str     0x0000000000001bed       0x6b lib/lib.a(string.o)
                                         0xf6 (size before relaxing)

.debug_loc      0x0000000000000000     0xacaf
 *(.debug_loc)
 .debug_loc     0x0000000000000000      0x256 init/main.o
 .debug_loc     0x0000000000000256     0x3af3 kernel/kernel.o
 .debug_loc     0x0000000000003d49      0x640 mm/mm.o
 .debug_loc     0x0000000000004389     0x6353 fs/fs.o
 .debug_loc     0x000000000000a6dc       0x2c lib/lib.a(_exit.o)
 .debug_loc     0x000000000000a708       0x3f lib/lib.a(open.o)
 .debug_loc     0x000000000000a747       0x3f lib/lib.a(close.o)
 .debug_loc     0x000000000000a786       0x57 lib/lib.a(write.o)
 .debug_loc     0x000000000000a7dd       0x3f lib/lib.a(dup.o)
 .debug_loc     0x000000000000a81c       0x13 lib/lib.a(setsid.o)
 .debug_loc     0x000000000000a82f       0x57 lib/lib.a(execve.o)
 .debug_loc     0x000000000000a886       0x83 lib/lib.a(wait.o)
 .debug_loc     0x000000000000a909      0x3a6 lib/lib.a(string.o)

.debug_macinfo
 *(.debug_macinfo)

.debug_weaknames
 *(.debug_weaknames)

.debug_funcnames
 *(.debug_funcnames)

.debug_typenames
 *(.debug_typenames)

.debug_varnames
 *(.debug_varnames)

.debug_pubtypes
 *(.debug_pubtypes)

.debug_ranges   0x0000000000000000      0x428
 *(.debug_ranges)
 .debug_ranges  0x0000000000000000      0x120 kernel/kernel.o
 .debug_ranges  0x0000000000000120      0x308 fs/fs.o

.gnu.attributes
 *(.gnu.attributes)

/DISCARD/
 *(.note.GNU-stack)
 *(.gnu_debuglink)
 *(.gnu.lto_*)
OUTPUT(tools/system elf32-i386)
